﻿[dotenv@17.3.1] injecting env (4) from .env -- tip: ΓÜÖ∩╕Å  suppress all logs with { quiet: true }
Testing API Key...
API Key loaded: Yes
node : Error testing 
API Key:
At line:1 char:1
+ node test-gemini.js 
> test-output.txt 2>&1
+ ~~~~~~~~~~~~~~~~~~~~~
~~~~~~~~~~~~~~~~~~~~~
    + CategoryInfo     
         : NotSpecifi  
  ed: (Error testing   
  API Key::String)     
[], RemoteExceptio    n
    + FullyQualifiedEr 
   rorId : NativeComm  
  andError
 
[GoogleGenerativeAI 
Error]: Error fetching 
from https://generative
language.googleapis.com
/v1beta/models/gemini-2
.0-flash:generateConten
t: [429 Too Many 
Requests] You exceeded 
your current quota, 
please check your plan 
and billing details. 
For more information 
on this error, head 
to: https://ai.google.d
ev/gemini-api/docs/rate
-limits. To monitor 
your current usage, 
head to: https://ai.dev
/rate-limit. 
* Quota exceeded for 
metric: generativelangu
age.googleapis.com/gene
rate_content_free_tier_
input_token_count, 
limit: 0, model: 
gemini-2.0-flash
* Quota exceeded for 
metric: generativelangu
age.googleapis.com/gene
rate_content_free_tier_
requests, limit: 0, 
model: gemini-2.0-flash
* Quota exceeded for 
metric: generativelangu
age.googleapis.com/gene
rate_content_free_tier_
requests, limit: 0, 
model: gemini-2.0-flash
Please retry in 
29.127394968s. [{"@type
":"type.googleapis.com/
google.rpc.Help","links
":[{"description":"Lear
n more about Gemini 
API quotas","url":"http
s://ai.google.dev/gemin
i-api/docs/rate-limits"
}]},{"@type":"type.goog
leapis.com/google.rpc.Q
uotaFailure","violation
s":[{"quotaMetric":"gen
erativelanguage.googlea
pis.com/generate_conten
t_free_tier_input_token
_count","quotaId":"Gene
rateContentInputTokensP
erModelPerMinute-FreeTi
er","quotaDimensions":{
"location":"global","mo
del":"gemini-2.0-flash"
}},{"quotaMetric":"gene
rativelanguage.googleap
is.com/generate_content
_free_tier_requests","q
uotaId":"GenerateReques
tsPerMinutePerProjectPe
rModel-FreeTier","quota
Dimensions":{"location"
:"global","model":"gemi
ni-2.0-flash"}},{"quota
Metric":"generativelang
uage.googleapis.com/gen
erate_content_free_tier
_requests","quotaId":"G
enerateRequestsPerDayPe
rProjectPerModel-FreeTi
er","quotaDimensions":{
"location":"global","mo
del":"gemini-2.0-flash"
}}]},{"@type":"type.goo
gleapis.com/google.rpc.
RetryInfo","retryDelay"
:"29s"}]
